{
    "phenoimager2mc - tif - stub": {
        "content": [
            "test.tif",
            [
                "versions.yml:md5,30d4a7af53d372a0700d388471500532"
            ]
        ],
        "meta": {
            "nf-test": "0.9.1",
            "nextflow": "24.04.4"
        },
        "timestamp": "2024-10-28T13:59:30.97214661"
    },
    "phenoimager2mc - tif": {
        "content": [
            "test.tif",
            [
                "versions.yml:md5,30d4a7af53d372a0700d388471500532"
            ]
        ],
        "meta": {
            "nf-test": "0.9.0",
            "nextflow": "24.04.4"
        },
        "timestamp": "2024-09-02T13:17:56.890612618"
    },
    "phenoimager2mc - tif_folder": {
        "content": [
            "test.tif",
            [
                "versions.yml:md5,30d4a7af53d372a0700d388471500532"
            ]
        ],
        "meta": {
            "nf-test": "0.9.1",
            "nextflow": "24.04.4"
        },
        "timestamp": "2024-10-28T13:43:34.891677783"
    },
    "phenoimager2mc - tif_folder_cp": {
        "content": [
            "test.tif",
            [
                "versions.yml:md5,30d4a7af53d372a0700d388471500532"
            ]
        ],
        "meta": {
            "nf-test": "0.9.1",
            "nextflow": "24.04.4"
        },
        "timestamp": "2024-10-28T15:39:37.135693287"
    }
}