{
    "sim-data.tar.gz - bcl": {
        "content": [
            [
                [
                    {
                        "id": "sim-data",
                        "samplesheet": "/nf-core/test-datasets/demultiplex/testdata/sim-data/RunManifest.csv"
                    },
                    "Metrics.csv:md5,a8094b308b5653071ac029a27733e4a6"
                ]
            ],
            [
                [
                    {
                        "id": "sim-data",
                        "samplesheet": "/nf-core/test-datasets/demultiplex/testdata/sim-data/RunManifest.csv"
                    },
                    "RunManifest.json:md5,a07dce8ee25c2a6f9355b677c26b53e2"
                ]
            ],
            [
                [
                    {
                        "id": "sim-data",
                        "samplesheet": "/nf-core/test-datasets/demultiplex/testdata/sim-data/RunManifest.csv"
                    },
                    "UnassignedSequences.csv:md5,11c1693830ce941b8cfb8d2431a59097"
                ]
            ],
            [
                {
                    "id": "sim-data",
                    "samplesheet": "/nf-core/test-datasets/demultiplex/testdata/sim-data/RunManifest.csv"
                },
                [
                    "DefaultSample_R1.fastq.gz:md5,eeec01b3de76c2b849b0f08b18081a2d",
                    "DefaultSample_R2.fastq.gz:md5,ccbd16b893d2a069b91d5e4284109868"
                ]
            ],
            null,
            "Bases2Fastq-Sim_QC.html",
            "RunStats.json",
            "DefaultSample_stats.json"
        ],
        "meta": {
            "nf-test": "0.8.4",
            "nextflow": "23.10.1"
        },
        "timestamp": "2024-03-19T11:49:40.60180764"
    }
}